[index.html]
[backblue.gif]
[fade.gif]
[index.html]
[css/colors.css]
[css/plugins.css]
[css/darkMode.css]
[css/style.css]
[img/svg/setting.svg]
[img/svg/arrow.svg]
[img/svg/cancel.svg]
[img/logo/mobile/dark.png]
[img/logo/classic/light.png]
[img/logo/classic/dark.png]
[img/slider/1.jpg]
[img/about/1.jpg]
[img/ratios/550x650.jpg]
[img/svg/gift.svg]
[img/svg/calendar-4.svg]
[img/svg/location-1.svg]
[img/svg/game-controller-2.svg]
[img/svg/study-5.svg]
[img/svg/degree-1.svg]
[img/svg/message-3.svg]
[img/svg/call-2.svg]
[img/resume/resume.jpg]
[img/svg/creativity.svg]
[img/svg/code.svg]
[img/svg/telegram.svg]
[img/svg/photoshop.svg]
[img/svg/ai.svg]
[img/svg/share.svg]
[img/portfolio/1.jpg]
[img/ratios/ratio-1-1.jpg]
[img/portfolio/2.jpg]
[img/portfolio/3.jpg]
[img/portfolio/4.jpg]
[img/portfolio/5.jpg]
[img/portfolio/6.jpg]
[img/ratios/ratio-4-3.jpg]
[img/news/1.jpg]
[img/svg/social/facebook.svg]
[img/svg/social/twitter.svg]
[img/svg/social/behance.svg]
[img/svg/social/dribbble.svg]
[img/news/2.jpg]
[img/news/3.jpg]
[img/svg/social/tik-tok.svg]
[cdn-cgi/scripts/5c5dd728/cloudflare-static/email-decode.min.js]
[js/jquery.js]
[js/plugins.js]
[index.html]
[js/init.js]
[css/font/xcon8158.eot]
[css/font/xcon8158.woff2]
[css/font/xcon8158.woff]
[css/font/xcon8158.ttf]
[css/font/xcon8158.svg]
[css/owl.video.play.png]
[css/ytp-regular.eot]
[css/mCSB_buttons.png]
[css/plugins.css]
[css/colors.css]
[css/darkMode.css]
[img/patterns/ravenna.png]
[css/style.css]
[img/svg/setting.svg]
[img/svg/arrow.svg]
[img/svg/cancel.svg]
[img/svg/gift.svg]
[img/svg/calendar-4.svg]
[img/svg/location-1.svg]
[img/svg/game-controller-2.svg]
[img/svg/study-5.svg]
[img/svg/degree-1.svg]
[img/svg/message-3.svg]
[img/svg/call-2.svg]
[img/svg/creativity.svg]
[img/svg/code.svg]
[img/svg/telegram.svg]
[img/svg/photoshop.svg]
[img/svg/ai.svg]
[img/svg/share.svg]
[img/svg/social/facebook.svg]
[img/svg/social/twitter.svg]
[img/svg/social/behance.svg]
[img/svg/social/dribbble.svg]
[img/svg/social/tik-tok.svg]
[js/jquery.js]
[hqdefault.jpg]
[js/plugins.js]
[img.svg]
[js/init.js]
[css/font/xcon8158.svg]
[css/owl.video.play.html]
[css/ytp-regular.html]
[css/mCSB_buttons.html]
[hqdefault.html]
[img.html]
[modal/contact.html]
[modal/contact.html]
