[marketifythemes.net/html/arlo/index-particle.html]
[backblue.gif]
[fade.gif]
[index.html]
[marketifythemes.net/html/arlo/css/colors.css]
[marketifythemes.net/html/arlo/css/plugins.css]
[marketifythemes.net/html/arlo/css/darkMode.css]
[marketifythemes.net/html/arlo/css/style.css]
[marketifythemes.net/html/arlo/img/svg/setting.svg]
[marketifythemes.net/html/arlo/img/svg/arrow.svg]
[marketifythemes.net/html/arlo/img/svg/cancel.svg]
[marketifythemes.net/html/arlo/img/logo/mobile/dark.png]
[marketifythemes.net/html/arlo/img/logo/classic/light.png]
[marketifythemes.net/html/arlo/img/logo/classic/dark.png]
[marketifythemes.net/html/arlo/img/slider/1.jpg]
[marketifythemes.net/html/arlo/img/about/1.jpg]
[marketifythemes.net/html/arlo/img/ratios/550x650.jpg]
[marketifythemes.net/html/arlo/img/svg/gift.svg]
[marketifythemes.net/html/arlo/img/svg/calendar-4.svg]
[marketifythemes.net/html/arlo/img/svg/location-1.svg]
[marketifythemes.net/html/arlo/img/svg/game-controller-2.svg]
[marketifythemes.net/html/arlo/img/svg/study-5.svg]
[marketifythemes.net/html/arlo/img/svg/degree-1.svg]
[marketifythemes.net/html/arlo/img/svg/message-3.svg]
[marketifythemes.net/html/arlo/img/svg/call-2.svg]
[marketifythemes.net/html/arlo/img/resume/resume.jpg]
[marketifythemes.net/html/arlo/img/svg/creativity.svg]
[marketifythemes.net/html/arlo/img/svg/code.svg]
[marketifythemes.net/html/arlo/img/svg/telegram.svg]
[marketifythemes.net/html/arlo/img/svg/photoshop.svg]
[marketifythemes.net/html/arlo/img/svg/ai.svg]
[marketifythemes.net/html/arlo/img/svg/share.svg]
[marketifythemes.net/html/arlo/img/portfolio/1.jpg]
[marketifythemes.net/html/arlo/img/ratios/ratio-1-1.jpg]
[marketifythemes.net/html/arlo/img/portfolio/2.jpg]
[marketifythemes.net/html/arlo/img/portfolio/3.jpg]
[marketifythemes.net/html/arlo/img/portfolio/4.jpg]
[marketifythemes.net/html/arlo/img/portfolio/5.jpg]
[marketifythemes.net/html/arlo/img/portfolio/6.jpg]
[marketifythemes.net/html/arlo/img/ratios/ratio-4-3.jpg]
[marketifythemes.net/html/arlo/img/news/1.jpg]
[marketifythemes.net/html/arlo/img/svg/social/facebook.svg]
[marketifythemes.net/html/arlo/img/svg/social/twitter.svg]
[marketifythemes.net/html/arlo/img/svg/social/behance.svg]
[marketifythemes.net/html/arlo/img/svg/social/dribbble.svg]
[marketifythemes.net/html/arlo/img/news/2.jpg]
[marketifythemes.net/html/arlo/img/news/3.jpg]
[marketifythemes.net/html/arlo/img/svg/social/tik-tok.svg]
[marketifythemes.net/cdn-cgi/scripts/5c5dd728/cloudflare-static/email-decode.min.js]
[marketifythemes.net/html/arlo/js/jquery.js]
[marketifythemes.net/html/arlo/js/plugins.js]
[marketifythemes.net/html/arlo/index-particle.html]
[marketifythemes.net/html/arlo/js/init.js]
[marketifythemes.net/html/arlo/css/font/xcon8158.eot]
[marketifythemes.net/html/arlo/css/font/xcon8158.woff2]
[marketifythemes.net/html/arlo/css/font/xcon8158.woff]
[marketifythemes.net/html/arlo/css/font/xcon8158.ttf]
[marketifythemes.net/html/arlo/css/font/xcon8158.svg]
[marketifythemes.net/html/arlo/css/owl.video.play.png]
[marketifythemes.net/html/arlo/css/ytp-regular.eot]
[marketifythemes.net/html/arlo/css/mCSB_buttons.png]
[marketifythemes.net/html/arlo/css/plugins.css]
[marketifythemes.net/html/arlo/css/colors.css]
[marketifythemes.net/html/arlo/css/darkMode.css]
[marketifythemes.net/html/arlo/img/patterns/ravenna.png]
[marketifythemes.net/html/arlo/css/style.css]
[marketifythemes.net/html/arlo/img/svg/setting.svg]
[marketifythemes.net/html/arlo/img/svg/arrow.svg]
[marketifythemes.net/html/arlo/img/svg/cancel.svg]
[marketifythemes.net/html/arlo/img/svg/gift.svg]
[marketifythemes.net/html/arlo/img/svg/calendar-4.svg]
[marketifythemes.net/html/arlo/img/svg/location-1.svg]
[marketifythemes.net/html/arlo/img/svg/game-controller-2.svg]
[marketifythemes.net/html/arlo/img/svg/study-5.svg]
[marketifythemes.net/html/arlo/img/svg/degree-1.svg]
[marketifythemes.net/html/arlo/img/svg/message-3.svg]
[marketifythemes.net/html/arlo/img/svg/call-2.svg]
[marketifythemes.net/html/arlo/img/svg/creativity.svg]
[marketifythemes.net/html/arlo/img/svg/code.svg]
[marketifythemes.net/html/arlo/img/svg/telegram.svg]
[marketifythemes.net/html/arlo/img/svg/photoshop.svg]
[marketifythemes.net/html/arlo/img/svg/ai.svg]
[marketifythemes.net/html/arlo/img/svg/share.svg]
[marketifythemes.net/html/arlo/img/svg/social/facebook.svg]
[marketifythemes.net/html/arlo/img/svg/social/twitter.svg]
[marketifythemes.net/html/arlo/img/svg/social/behance.svg]
[marketifythemes.net/html/arlo/img/svg/social/dribbble.svg]
[marketifythemes.net/html/arlo/img/svg/social/tik-tok.svg]
[marketifythemes.net/html/arlo/js/jquery.js]
[marketifythemes.net/hqdefault.jpg]
[marketifythemes.net/html/arlo/js/plugins.js]
[marketifythemes.net/html/arlo/img.svg]
[marketifythemes.net/html/arlo/js/init.js]
[marketifythemes.net/html/arlo/css/font/xcon8158.svg]
[marketifythemes.net/html/arlo/css/owl.video.play.html]
[marketifythemes.net/html/arlo/css/ytp-regular.html]
[marketifythemes.net/html/arlo/css/mCSB_buttons.html]
[marketifythemes.net/hqdefault.html]
[marketifythemes.net/html/arlo/img.html]
[marketifythemes.net/html/arlo/modal/contact.html]
[marketifythemes.net/html/arlo/modal/contact.html]
